================================================================================
H16 AE AS DENOISER — classify on raw vs AE-reconstruction, full & PCA-24 (best-NL F1)
================================================================================
regime      raw-full AErec-full  raw-PCA AErec-PCA   Δfull
C:\Users\meloy\PycharmProjects\spectral-select\.venv\Lib\site-packages\sklearn\neural_network\_multilayer_perceptron.py:785: ConvergenceWarning: Stochastic Optimizer: Maximum iterations (250) reached and the optimization hasn't converged yet.
  warnings.warn(
C:\Users\meloy\PycharmProjects\spectral-select\.venv\Lib\site-packages\sklearn\neural_network\_multilayer_perceptron.py:785: ConvergenceWarning: Stochastic Optimizer: Maximum iterations (250) reached and the optimization hasn't converged yet.
  warnings.warn(
C:\Users\meloy\PycharmProjects\spectral-select\.venv\Lib\site-packages\sklearn\neural_network\_multilayer_perceptron.py:785: ConvergenceWarning: Stochastic Optimizer: Maximum iterations (250) reached and the optimization hasn't converged yet.
  warnings.warn(
C:\Users\meloy\PycharmProjects\spectral-select\.venv\Lib\site-packages\sklearn\neural_network\_multilayer_perceptron.py:785: ConvergenceWarning: Stochastic Optimizer: Maximum iterations (250) reached and the optimization hasn't converged yet.
  warnings.warn(
C:\Users\meloy\PycharmProjects\spectral-select\.venv\Lib\site-packages\sklearn\neural_network\_multilayer_perceptron.py:785: ConvergenceWarning: Stochastic Optimizer: Maximum iterations (250) reached and the optimization hasn't converged yet.
  warnings.warn(
C:\Users\meloy\PycharmProjects\spectral-select\.venv\Lib\site-packages\sklearn\neural_network\_multilayer_perceptron.py:785: ConvergenceWarning: Stochastic Optimizer: Maximum iterations (250) reached and the optimization hasn't converged yet.
  warnings.warn(
C:\Users\meloy\PycharmProjects\spectral-select\.venv\Lib\site-packages\sklearn\neural_network\_multilayer_perceptron.py:785: ConvergenceWarning: Stochastic Optimizer: Maximum iterations (250) reached and the optimization hasn't converged yet.
  warnings.warn(
C:\Users\meloy\PycharmProjects\spectral-select\.venv\Lib\site-packages\sklearn\neural_network\_multilayer_perceptron.py:785: ConvergenceWarning: Stochastic Optimizer: Maximum iterations (250) reached and the optimization hasn't converged yet.
  warnings.warn(
C:\Users\meloy\PycharmProjects\spectral-select\.venv\Lib\site-packages\sklearn\neural_network\_multilayer_perceptron.py:785: ConvergenceWarning: Stochastic Optimizer: Maximum iterations (250) reached and the optimization hasn't converged yet.
  warnings.warn(
C:\Users\meloy\PycharmProjects\spectral-select\.venv\Lib\site-packages\sklearn\neural_network\_multilayer_perceptron.py:785: ConvergenceWarning: Stochastic Optimizer: Maximum iterations (250) reached and the optimization hasn't converged yet.
  warnings.warn(
C:\Users\meloy\PycharmProjects\spectral-select\.venv\Lib\site-packages\sklearn\neural_network\_multilayer_perceptron.py:785: ConvergenceWarning: Stochastic Optimizer: Maximum iterations (250) reached and the optimization hasn't converged yet.
  warnings.warn(
C:\Users\meloy\PycharmProjects\spectral-select\.venv\Lib\site-packages\sklearn\neural_network\_multilayer_perceptron.py:785: ConvergenceWarning: Stochastic Optimizer: Maximum iterations (250) reached and the optimization hasn't converged yet.
  warnings.warn(
C:\Users\meloy\PycharmProjects\spectral-select\.venv\Lib\site-packages\sklearn\neural_network\_multilayer_perceptron.py:785: ConvergenceWarning: Stochastic Optimizer: Maximum iterations (250) reached and the optimization hasn't converged yet.
  warnings.warn(
C:\Users\meloy\PycharmProjects\spectral-select\.venv\Lib\site-packages\sklearn\neural_network\_multilayer_perceptron.py:785: ConvergenceWarning: Stochastic Optimizer: Maximum iterations (250) reached and the optimization hasn't converged yet.
  warnings.warn(
C:\Users\meloy\PycharmProjects\spectral-select\.venv\Lib\site-packages\sklearn\neural_network\_multilayer_perceptron.py:785: ConvergenceWarning: Stochastic Optimizer: Maximum iterations (250) reached and the optimization hasn't converged yet.
  warnings.warn(
C:\Users\meloy\PycharmProjects\spectral-select\.venv\Lib\site-packages\sklearn\neural_network\_multilayer_perceptron.py:785: ConvergenceWarning: Stochastic Optimizer: Maximum iterations (250) reached and the optimization hasn't converged yet.
  warnings.warn(
clean          0.755      0.879    0.699     0.901  +0.124  <-- AE denoise helps
C:\Users\meloy\PycharmProjects\spectral-select\.venv\Lib\site-packages\sklearn\neural_network\_multilayer_perceptron.py:785: ConvergenceWarning: Stochastic Optimizer: Maximum iterations (250) reached and the optimization hasn't converged yet.
  warnings.warn(
C:\Users\meloy\PycharmProjects\spectral-select\.venv\Lib\site-packages\sklearn\neural_network\_multilayer_perceptron.py:785: ConvergenceWarning: Stochastic Optimizer: Maximum iterations (250) reached and the optimization hasn't converged yet.
  warnings.warn(
C:\Users\meloy\PycharmProjects\spectral-select\.venv\Lib\site-packages\sklearn\neural_network\_multilayer_perceptron.py:785: ConvergenceWarning: Stochastic Optimizer: Maximum iterations (250) reached and the optimization hasn't converged yet.
  warnings.warn(
C:\Users\meloy\PycharmProjects\spectral-select\.venv\Lib\site-packages\sklearn\neural_network\_multilayer_perceptron.py:785: ConvergenceWarning: Stochastic Optimizer: Maximum iterations (250) reached and the optimization hasn't converged yet.
  warnings.warn(
C:\Users\meloy\PycharmProjects\spectral-select\.venv\Lib\site-packages\sklearn\neural_network\_multilayer_perceptron.py:785: ConvergenceWarning: Stochastic Optimizer: Maximum iterations (250) reached and the optimization hasn't converged yet.
  warnings.warn(
C:\Users\meloy\PycharmProjects\spectral-select\.venv\Lib\site-packages\sklearn\neural_network\_multilayer_perceptron.py:785: ConvergenceWarning: Stochastic Optimizer: Maximum iterations (250) reached and the optimization hasn't converged yet.
  warnings.warn(
C:\Users\meloy\PycharmProjects\spectral-select\.venv\Lib\site-packages\sklearn\neural_network\_multilayer_perceptron.py:785: ConvergenceWarning: Stochastic Optimizer: Maximum iterations (250) reached and the optimization hasn't converged yet.
  warnings.warn(
C:\Users\meloy\PycharmProjects\spectral-select\.venv\Lib\site-packages\sklearn\neural_network\_multilayer_perceptron.py:785: ConvergenceWarning: Stochastic Optimizer: Maximum iterations (250) reached and the optimization hasn't converged yet.
  warnings.warn(
C:\Users\meloy\PycharmProjects\spectral-select\.venv\Lib\site-packages\sklearn\neural_network\_multilayer_perceptron.py:785: ConvergenceWarning: Stochastic Optimizer: Maximum iterations (250) reached and the optimization hasn't converged yet.
  warnings.warn(
C:\Users\meloy\PycharmProjects\spectral-select\.venv\Lib\site-packages\sklearn\neural_network\_multilayer_perceptron.py:785: ConvergenceWarning: Stochastic Optimizer: Maximum iterations (250) reached and the optimization hasn't converged yet.
  warnings.warn(
C:\Users\meloy\PycharmProjects\spectral-select\.venv\Lib\site-packages\sklearn\neural_network\_multilayer_perceptron.py:785: ConvergenceWarning: Stochastic Optimizer: Maximum iterations (250) reached and the optimization hasn't converged yet.
  warnings.warn(
C:\Users\meloy\PycharmProjects\spectral-select\.venv\Lib\site-packages\sklearn\neural_network\_multilayer_perceptron.py:785: ConvergenceWarning: Stochastic Optimizer: Maximum iterations (250) reached and the optimization hasn't converged yet.
  warnings.warn(
C:\Users\meloy\PycharmProjects\spectral-select\.venv\Lib\site-packages\sklearn\neural_network\_multilayer_perceptron.py:785: ConvergenceWarning: Stochastic Optimizer: Maximum iterations (250) reached and the optimization hasn't converged yet.
  warnings.warn(
C:\Users\meloy\PycharmProjects\spectral-select\.venv\Lib\site-packages\sklearn\neural_network\_multilayer_perceptron.py:785: ConvergenceWarning: Stochastic Optimizer: Maximum iterations (250) reached and the optimization hasn't converged yet.
  warnings.warn(
C:\Users\meloy\PycharmProjects\spectral-select\.venv\Lib\site-packages\sklearn\neural_network\_multilayer_perceptron.py:785: ConvergenceWarning: Stochastic Optimizer: Maximum iterations (250) reached and the optimization hasn't converged yet.
  warnings.warn(
C:\Users\meloy\PycharmProjects\spectral-select\.venv\Lib\site-packages\sklearn\neural_network\_multilayer_perceptron.py:785: ConvergenceWarning: Stochastic Optimizer: Maximum iterations (250) reached and the optimization hasn't converged yet.
  warnings.warn(
clutter        0.594      0.544    0.549     0.516  -0.050

Δfull = AErec-full − raw-full. Positive => the AE reconstruction denoises (a NEW AE value).
