========================================================================================================
H15 CLUTTER-ROBUST UNSUPERVISED SELECTION — k=24, few-shot 30/class best-NL F1
project out top-K (clutter) PCs, select on residual; does it beat random where vanilla failed?
========================================================================================================
C:\Users\meloy\PycharmProjects\spectral-select\.venv\Lib\site-packages\sklearn\neural_network\_multilayer_perceptron.py:785: ConvergenceWarning: Stochastic Optimizer: Maximum iterations (250) reached and the optimization hasn't converged yet.
  warnings.warn(
C:\Users\meloy\PycharmProjects\spectral-select\.venv\Lib\site-packages\sklearn\neural_network\_multilayer_perceptron.py:785: ConvergenceWarning: Stochastic Optimizer: Maximum iterations (250) reached and the optimization hasn't converged yet.
  warnings.warn(
C:\Users\meloy\PycharmProjects\spectral-select\.venv\Lib\site-packages\sklearn\neural_network\_multilayer_perceptron.py:785: ConvergenceWarning: Stochastic Optimizer: Maximum iterations (250) reached and the optimization hasn't converged yet.
  warnings.warn(
C:\Users\meloy\PycharmProjects\spectral-select\.venv\Lib\site-packages\sklearn\neural_network\_multilayer_perceptron.py:785: ConvergenceWarning: Stochastic Optimizer: Maximum iterations (250) reached and the optimization hasn't converged yet.
  warnings.warn(
C:\Users\meloy\PycharmProjects\spectral-select\.venv\Lib\site-packages\sklearn\neural_network\_multilayer_perceptron.py:785: ConvergenceWarning: Stochastic Optimizer: Maximum iterations (250) reached and the optimization hasn't converged yet.
  warnings.warn(
C:\Users\meloy\PycharmProjects\spectral-select\.venv\Lib\site-packages\sklearn\neural_network\_multilayer_perceptron.py:785: ConvergenceWarning: Stochastic Optimizer: Maximum iterations (250) reached and the optimization hasn't converged yet.
  warnings.warn(
C:\Users\meloy\PycharmProjects\spectral-select\.venv\Lib\site-packages\sklearn\neural_network\_multilayer_perceptron.py:785: ConvergenceWarning: Stochastic Optimizer: Maximum iterations (250) reached and the optimization hasn't converged yet.
  warnings.warn(
C:\Users\meloy\PycharmProjects\spectral-select\.venv\Lib\site-packages\sklearn\neural_network\_multilayer_perceptron.py:785: ConvergenceWarning: Stochastic Optimizer: Maximum iterations (250) reached and the optimization hasn't converged yet.
  warnings.warn(
C:\Users\meloy\PycharmProjects\spectral-select\.venv\Lib\site-packages\sklearn\neural_network\_multilayer_perceptron.py:785: ConvergenceWarning: Stochastic Optimizer: Maximum iterations (250) reached and the optimization hasn't converged yet.
  warnings.warn(
C:\Users\meloy\PycharmProjects\spectral-select\.venv\Lib\site-packages\sklearn\neural_network\_multilayer_perceptron.py:785: ConvergenceWarning: Stochastic Optimizer: Maximum iterations (250) reached and the optimization hasn't converged yet.
  warnings.warn(
C:\Users\meloy\PycharmProjects\spectral-select\.venv\Lib\site-packages\sklearn\neural_network\_multilayer_perceptron.py:785: ConvergenceWarning: Stochastic Optimizer: Maximum iterations (250) reached and the optimization hasn't converged yet.
  warnings.warn(
C:\Users\meloy\PycharmProjects\spectral-select\.venv\Lib\site-packages\sklearn\neural_network\_multilayer_perceptron.py:785: ConvergenceWarning: Stochastic Optimizer: Maximum iterations (250) reached and the optimization hasn't converged yet.
  warnings.warn(
C:\Users\meloy\PycharmProjects\spectral-select\.venv\Lib\site-packages\sklearn\neural_network\_multilayer_perceptron.py:785: ConvergenceWarning: Stochastic Optimizer: Maximum iterations (250) reached and the optimization hasn't converged yet.
  warnings.warn(
C:\Users\meloy\PycharmProjects\spectral-select\.venv\Lib\site-packages\sklearn\neural_network\_multilayer_perceptron.py:785: ConvergenceWarning: Stochastic Optimizer: Maximum iterations (250) reached and the optimization hasn't converged yet.
  warnings.warn(
C:\Users\meloy\PycharmProjects\spectral-select\.venv\Lib\site-packages\sklearn\neural_network\_multilayer_perceptron.py:785: ConvergenceWarning: Stochastic Optimizer: Maximum iterations (250) reached and the optimization hasn't converged yet.
  warnings.warn(
C:\Users\meloy\PycharmProjects\spectral-select\.venv\Lib\site-packages\sklearn\neural_network\_multilayer_perceptron.py:785: ConvergenceWarning: Stochastic Optimizer: Maximum iterations (250) reached and the optimization hasn't converged yet.
  warnings.warn(
C:\Users\meloy\PycharmProjects\spectral-select\.venv\Lib\site-packages\sklearn\neural_network\_multilayer_perceptron.py:785: ConvergenceWarning: Stochastic Optimizer: Maximum iterations (250) reached and the optimization hasn't converged yet.
  warnings.warn(
C:\Users\meloy\PycharmProjects\spectral-select\.venv\Lib\site-packages\sklearn\neural_network\_multilayer_perceptron.py:785: ConvergenceWarning: Stochastic Optimizer: Maximum iterations (250) reached and the optimization hasn't converged yet.
  warnings.warn(
C:\Users\meloy\PycharmProjects\spectral-select\.venv\Lib\site-packages\sklearn\neural_network\_multilayer_perceptron.py:785: ConvergenceWarning: Stochastic Optimizer: Maximum iterations (250) reached and the optimization hasn't converged yet.
  warnings.warn(
C:\Users\meloy\PycharmProjects\spectral-select\.venv\Lib\site-packages\sklearn\neural_network\_multilayer_perceptron.py:785: ConvergenceWarning: Stochastic Optimizer: Maximum iterations (250) reached and the optimization hasn't converged yet.
  warnings.warn(
C:\Users\meloy\PycharmProjects\spectral-select\.venv\Lib\site-packages\sklearn\neural_network\_multilayer_perceptron.py:785: ConvergenceWarning: Stochastic Optimizer: Maximum iterations (250) reached and the optimization hasn't converged yet.
  warnings.warn(
C:\Users\meloy\PycharmProjects\spectral-select\.venv\Lib\site-packages\sklearn\neural_network\_multilayer_perceptron.py:785: ConvergenceWarning: Stochastic Optimizer: Maximum iterations (250) reached and the optimization hasn't converged yet.
  warnings.warn(
C:\Users\meloy\PycharmProjects\spectral-select\.venv\Lib\site-packages\sklearn\neural_network\_multilayer_perceptron.py:785: ConvergenceWarning: Stochastic Optimizer: Maximum iterations (250) reached and the optimization hasn't converged yet.
  warnings.warn(
C:\Users\meloy\PycharmProjects\spectral-select\.venv\Lib\site-packages\sklearn\neural_network\_multilayer_perceptron.py:785: ConvergenceWarning: Stochastic Optimizer: Maximum iterations (250) reached and the optimization hasn't converged yet.
  warnings.warn(
C:\Users\meloy\PycharmProjects\spectral-select\.venv\Lib\site-packages\sklearn\neural_network\_multilayer_perceptron.py:785: ConvergenceWarning: Stochastic Optimizer: Maximum iterations (250) reached and the optimization hasn't converged yet.
  warnings.warn(
C:\Users\meloy\PycharmProjects\spectral-select\.venv\Lib\site-packages\sklearn\neural_network\_multilayer_perceptron.py:785: ConvergenceWarning: Stochastic Optimizer: Maximum iterations (250) reached and the optimization hasn't converged yet.
  warnings.warn(
C:\Users\meloy\PycharmProjects\spectral-select\.venv\Lib\site-packages\sklearn\neural_network\_multilayer_perceptron.py:785: ConvergenceWarning: Stochastic Optimizer: Maximum iterations (250) reached and the optimization hasn't converged yet.
  warnings.warn(
C:\Users\meloy\PycharmProjects\spectral-select\.venv\Lib\site-packages\sklearn\neural_network\_multilayer_perceptron.py:785: ConvergenceWarning: Stochastic Optimizer: Maximum iterations (250) reached and the optimization hasn't converged yet.
  warnings.warn(
C:\Users\meloy\PycharmProjects\spectral-select\.venv\Lib\site-packages\sklearn\neural_network\_multilayer_perceptron.py:785: ConvergenceWarning: Stochastic Optimizer: Maximum iterations (250) reached and the optimization hasn't converged yet.
  warnings.warn(
C:\Users\meloy\PycharmProjects\spectral-select\.venv\Lib\site-packages\sklearn\neural_network\_multilayer_perceptron.py:785: ConvergenceWarning: Stochastic Optimizer: Maximum iterations (250) reached and the optimization hasn't converged yet.
  warnings.warn(
C:\Users\meloy\PycharmProjects\spectral-select\.venv\Lib\site-packages\sklearn\neural_network\_multilayer_perceptron.py:785: ConvergenceWarning: Stochastic Optimizer: Maximum iterations (250) reached and the optimization hasn't converged yet.
  warnings.warn(
C:\Users\meloy\PycharmProjects\spectral-select\.venv\Lib\site-packages\sklearn\neural_network\_multilayer_perceptron.py:785: ConvergenceWarning: Stochastic Optimizer: Maximum iterations (250) reached and the optimization hasn't converged yet.
  warnings.warn(
C:\Users\meloy\PycharmProjects\spectral-select\.venv\Lib\site-packages\sklearn\neural_network\_multilayer_perceptron.py:785: ConvergenceWarning: Stochastic Optimizer: Maximum iterations (250) reached and the optimization hasn't converged yet.
  warnings.warn(
C:\Users\meloy\PycharmProjects\spectral-select\.venv\Lib\site-packages\sklearn\neural_network\_multilayer_perceptron.py:785: ConvergenceWarning: Stochastic Optimizer: Maximum iterations (250) reached and the optimization hasn't converged yet.
  warnings.warn(
C:\Users\meloy\PycharmProjects\spectral-select\.venv\Lib\site-packages\sklearn\neural_network\_multilayer_perceptron.py:785: ConvergenceWarning: Stochastic Optimizer: Maximum iterations (250) reached and the optimization hasn't converged yet.
  warnings.warn(
C:\Users\meloy\PycharmProjects\spectral-select\.venv\Lib\site-packages\sklearn\neural_network\_multilayer_perceptron.py:785: ConvergenceWarning: Stochastic Optimizer: Maximum iterations (250) reached and the optimization hasn't converged yet.
  warnings.warn(
C:\Users\meloy\PycharmProjects\spectral-select\.venv\Lib\site-packages\sklearn\neural_network\_multilayer_perceptron.py:785: ConvergenceWarning: Stochastic Optimizer: Maximum iterations (250) reached and the optimization hasn't converged yet.
  warnings.warn(
C:\Users\meloy\PycharmProjects\spectral-select\.venv\Lib\site-packages\sklearn\neural_network\_multilayer_perceptron.py:785: ConvergenceWarning: Stochastic Optimizer: Maximum iterations (250) reached and the optimization hasn't converged yet.
  warnings.warn(
C:\Users\meloy\PycharmProjects\spectral-select\.venv\Lib\site-packages\sklearn\neural_network\_multilayer_perceptron.py:785: ConvergenceWarning: Stochastic Optimizer: Maximum iterations (250) reached and the optimization hasn't converged yet.
  warnings.warn(
C:\Users\meloy\PycharmProjects\spectral-select\.venv\Lib\site-packages\sklearn\neural_network\_multilayer_perceptron.py:785: ConvergenceWarning: Stochastic Optimizer: Maximum iterations (250) reached and the optimization hasn't converged yet.
  warnings.warn(
C:\Users\meloy\PycharmProjects\spectral-select\.venv\Lib\site-packages\sklearn\neural_network\_multilayer_perceptron.py:785: ConvergenceWarning: Stochastic Optimizer: Maximum iterations (250) reached and the optimization hasn't converged yet.
  warnings.warn(
C:\Users\meloy\PycharmProjects\spectral-select\.venv\Lib\site-packages\sklearn\neural_network\_multilayer_perceptron.py:785: ConvergenceWarning: Stochastic Optimizer: Maximum iterations (250) reached and the optimization hasn't converged yet.
  warnings.warn(
C:\Users\meloy\PycharmProjects\spectral-select\.venv\Lib\site-packages\sklearn\neural_network\_multilayer_perceptron.py:785: ConvergenceWarning: Stochastic Optimizer: Maximum iterations (250) reached and the optimization hasn't converged yet.
  warnings.warn(
C:\Users\meloy\PycharmProjects\spectral-select\.venv\Lib\site-packages\sklearn\neural_network\_multilayer_perceptron.py:785: ConvergenceWarning: Stochastic Optimizer: Maximum iterations (250) reached and the optimization hasn't converged yet.
  warnings.warn(
C:\Users\meloy\PycharmProjects\spectral-select\.venv\Lib\site-packages\sklearn\neural_network\_multilayer_perceptron.py:785: ConvergenceWarning: Stochastic Optimizer: Maximum iterations (250) reached and the optimization hasn't converged yet.
  warnings.warn(
C:\Users\meloy\PycharmProjects\spectral-select\.venv\Lib\site-packages\sklearn\neural_network\_multilayer_perceptron.py:785: ConvergenceWarning: Stochastic Optimizer: Maximum iterations (250) reached and the optimization hasn't converged yet.
  warnings.warn(
C:\Users\meloy\PycharmProjects\spectral-select\.venv\Lib\site-packages\sklearn\neural_network\_multilayer_perceptron.py:785: ConvergenceWarning: Stochastic Optimizer: Maximum iterations (250) reached and the optimization hasn't converged yet.
  warnings.warn(
C:\Users\meloy\PycharmProjects\spectral-select\.venv\Lib\site-packages\sklearn\neural_network\_multilayer_perceptron.py:785: ConvergenceWarning: Stochastic Optimizer: Maximum iterations (250) reached and the optimization hasn't converged yet.
  warnings.warn(
C:\Users\meloy\PycharmProjects\spectral-select\.venv\Lib\site-packages\sklearn\neural_network\_multilayer_perceptron.py:785: ConvergenceWarning: Stochastic Optimizer: Maximum iterations (250) reached and the optimization hasn't converged yet.
  warnings.warn(
C:\Users\meloy\PycharmProjects\spectral-select\.venv\Lib\site-packages\sklearn\neural_network\_multilayer_perceptron.py:785: ConvergenceWarning: Stochastic Optimizer: Maximum iterations (250) reached and the optimization hasn't converged yet.
  warnings.warn(
C:\Users\meloy\PycharmProjects\spectral-select\.venv\Lib\site-packages\sklearn\neural_network\_multilayer_perceptron.py:785: ConvergenceWarning: Stochastic Optimizer: Maximum iterations (250) reached and the optimization hasn't converged yet.
  warnings.warn(
C:\Users\meloy\PycharmProjects\spectral-select\.venv\Lib\site-packages\sklearn\neural_network\_multilayer_perceptron.py:785: ConvergenceWarning: Stochastic Optimizer: Maximum iterations (250) reached and the optimization hasn't converged yet.
  warnings.warn(
C:\Users\meloy\PycharmProjects\spectral-select\.venv\Lib\site-packages\sklearn\neural_network\_multilayer_perceptron.py:785: ConvergenceWarning: Stochastic Optimizer: Maximum iterations (250) reached and the optimization hasn't converged yet.
  warnings.warn(
C:\Users\meloy\PycharmProjects\spectral-select\.venv\Lib\site-packages\sklearn\neural_network\_multilayer_perceptron.py:785: ConvergenceWarning: Stochastic Optimizer: Maximum iterations (250) reached and the optimization hasn't converged yet.
  warnings.warn(
C:\Users\meloy\PycharmProjects\spectral-select\.venv\Lib\site-packages\sklearn\neural_network\_multilayer_perceptron.py:785: ConvergenceWarning: Stochastic Optimizer: Maximum iterations (250) reached and the optimization hasn't converged yet.
  warnings.warn(
C:\Users\meloy\PycharmProjects\spectral-select\.venv\Lib\site-packages\sklearn\neural_network\_multilayer_perceptron.py:785: ConvergenceWarning: Stochastic Optimizer: Maximum iterations (250) reached and the optimization hasn't converged yet.
  warnings.warn(
C:\Users\meloy\PycharmProjects\spectral-select\.venv\Lib\site-packages\sklearn\neural_network\_multilayer_perceptron.py:785: ConvergenceWarning: Stochastic Optimizer: Maximum iterations (250) reached and the optimization hasn't converged yet.
  warnings.warn(
C:\Users\meloy\PycharmProjects\spectral-select\.venv\Lib\site-packages\sklearn\neural_network\_multilayer_perceptron.py:785: ConvergenceWarning: Stochastic Optimizer: Maximum iterations (250) reached and the optimization hasn't converged yet.
  warnings.warn(
C:\Users\meloy\PycharmProjects\spectral-select\.venv\Lib\site-packages\sklearn\neural_network\_multilayer_perceptron.py:785: ConvergenceWarning: Stochastic Optimizer: Maximum iterations (250) reached and the optimization hasn't converged yet.
  warnings.warn(
C:\Users\meloy\PycharmProjects\spectral-select\.venv\Lib\site-packages\sklearn\neural_network\_multilayer_perceptron.py:785: ConvergenceWarning: Stochastic Optimizer: Maximum iterations (250) reached and the optimization hasn't converged yet.
  warnings.warn(
C:\Users\meloy\PycharmProjects\spectral-select\.venv\Lib\site-packages\sklearn\neural_network\_multilayer_perceptron.py:785: ConvergenceWarning: Stochastic Optimizer: Maximum iterations (250) reached and the optimization hasn't converged yet.
  warnings.warn(
C:\Users\meloy\PycharmProjects\spectral-select\.venv\Lib\site-packages\sklearn\neural_network\_multilayer_perceptron.py:785: ConvergenceWarning: Stochastic Optimizer: Maximum iterations (250) reached and the optimization hasn't converged yet.
  warnings.warn(
C:\Users\meloy\PycharmProjects\spectral-select\.venv\Lib\site-packages\sklearn\neural_network\_multilayer_perceptron.py:785: ConvergenceWarning: Stochastic Optimizer: Maximum iterations (250) reached and the optimization hasn't converged yet.
  warnings.warn(
C:\Users\meloy\PycharmProjects\spectral-select\.venv\Lib\site-packages\sklearn\neural_network\_multilayer_perceptron.py:785: ConvergenceWarning: Stochastic Optimizer: Maximum iterations (250) reached and the optimization hasn't converged yet.
  warnings.warn(
C:\Users\meloy\PycharmProjects\spectral-select\.venv\Lib\site-packages\sklearn\neural_network\_multilayer_perceptron.py:785: ConvergenceWarning: Stochastic Optimizer: Maximum iterations (250) reached and the optimization hasn't converged yet.
  warnings.warn(
C:\Users\meloy\PycharmProjects\spectral-select\.venv\Lib\site-packages\sklearn\neural_network\_multilayer_perceptron.py:785: ConvergenceWarning: Stochastic Optimizer: Maximum iterations (250) reached and the optimization hasn't converged yet.
  warnings.warn(
C:\Users\meloy\PycharmProjects\spectral-select\.venv\Lib\site-packages\sklearn\neural_network\_multilayer_perceptron.py:785: ConvergenceWarning: Stochastic Optimizer: Maximum iterations (250) reached and the optimization hasn't converged yet.
  warnings.warn(
C:\Users\meloy\PycharmProjects\spectral-select\.venv\Lib\site-packages\sklearn\neural_network\_multilayer_perceptron.py:785: ConvergenceWarning: Stochastic Optimizer: Maximum iterations (250) reached and the optimization hasn't converged yet.
  warnings.warn(

### L4-high (clutter=3.3x36) | random µ=0.573 95th=0.593
  random         0.573
  variance       0.567
  pca_load       0.556
  pcaRes20       0.589
  varRes20       0.563
  mutInfo*       0.631  <-- beats random

Win = a clutter-suppressed (residual) method beats random's 95th pct where vanilla var/pca did not.
