================================================================================================
CONV-ARCHITECTURE SEARCH (per-pixel parallel branches; no spatial conv)
oracle F1: clean=0.486 realistic=0.470  (spatial CAE ref: reconR~0, F1~0.33)
================================================================================================
config                           clean reconR  clean F1  real reconR   real F1
pca_load[k6] (ref)                       +nan     0.463         +nan     0.479
C2 spectral-MLP (ref)                  +0.290     0.417       +0.541     0.448
branch kb3 d1 concat                   +0.404     0.344       +0.610     0.379
branch kb3 d2 concat                   +0.414     0.355       +0.606     0.372
branch kb3 d3 concat                   +0.390     0.395       +0.600     0.356
branch kb5 d1 concat                   +0.428     0.331       +0.611     0.336
branch kb5 d2 concat                   +0.413     0.355       +0.608     0.408
branch kb5 d3 concat                   +0.410     0.387       +0.597     0.387
branch kb9 d1 concat                   +0.430     0.330       +0.612     0.364
branch kb9 d2 concat                   +0.432     0.336       +0.607     0.371
branch kb9 d3 concat                   +0.423     0.356       +0.602     0.361
branch kb5 d2 MEAN-merge               +0.347     0.338       +0.587     0.350
branch kb5 d2 +COLLAPSE concat         +0.169     0.503       +0.448     0.326
branch kb5 d2 +COLLAPSE mean           +0.166     0.486       +0.366     0.358
------------------------------------------------------------------------------------------------
reconR = mean per-band corr(input,recon) (>0 => learns structure). Compare COLLAPSE vs not.
