C:\Users\meloy\PycharmProjects\spectral-select\.venv\Lib\site-packages\sklearn\neural_network\_multilayer_perceptron.py:785: ConvergenceWarning: Stochastic Optimizer: Maximum iterations (250) reached and the optimization hasn't converged yet.
  warnings.warn(
C:\Users\meloy\PycharmProjects\spectral-select\.venv\Lib\site-packages\sklearn\neural_network\_multilayer_perceptron.py:785: ConvergenceWarning: Stochastic Optimizer: Maximum iterations (250) reached and the optimization hasn't converged yet.
  warnings.warn(
C:\Users\meloy\PycharmProjects\spectral-select\.venv\Lib\site-packages\sklearn\neural_network\_multilayer_perceptron.py:785: ConvergenceWarning: Stochastic Optimizer: Maximum iterations (250) reached and the optimization hasn't converged yet.
  warnings.warn(
C:\Users\meloy\PycharmProjects\spectral-select\.venv\Lib\site-packages\sklearn\neural_network\_multilayer_perceptron.py:785: ConvergenceWarning: Stochastic Optimizer: Maximum iterations (250) reached and the optimization hasn't converged yet.
  warnings.warn(
C:\Users\meloy\PycharmProjects\spectral-select\.venv\Lib\site-packages\sklearn\neural_network\_multilayer_perceptron.py:785: ConvergenceWarning: Stochastic Optimizer: Maximum iterations (250) reached and the optimization hasn't converged yet.
  warnings.warn(
C:\Users\meloy\PycharmProjects\spectral-select\.venv\Lib\site-packages\sklearn\neural_network\_multilayer_perceptron.py:785: ConvergenceWarning: Stochastic Optimizer: Maximum iterations (250) reached and the optimization hasn't converged yet.
  warnings.warn(
C:\Users\meloy\PycharmProjects\spectral-select\.venv\Lib\site-packages\sklearn\neural_network\_multilayer_perceptron.py:785: ConvergenceWarning: Stochastic Optimizer: Maximum iterations (250) reached and the optimization hasn't converged yet.
  warnings.warn(
C:\Users\meloy\PycharmProjects\spectral-select\.venv\Lib\site-packages\sklearn\neural_network\_multilayer_perceptron.py:785: ConvergenceWarning: Stochastic Optimizer: Maximum iterations (250) reached and the optimization hasn't converged yet.
  warnings.warn(
C:\Users\meloy\PycharmProjects\spectral-select\.venv\Lib\site-packages\sklearn\neural_network\_multilayer_perceptron.py:785: ConvergenceWarning: Stochastic Optimizer: Maximum iterations (250) reached and the optimization hasn't converged yet.
  warnings.warn(
C:\Users\meloy\PycharmProjects\spectral-select\.venv\Lib\site-packages\sklearn\neural_network\_multilayer_perceptron.py:785: ConvergenceWarning: Stochastic Optimizer: Maximum iterations (250) reached and the optimization hasn't converged yet.
  warnings.warn(
C:\Users\meloy\PycharmProjects\spectral-select\.venv\Lib\site-packages\sklearn\neural_network\_multilayer_perceptron.py:785: ConvergenceWarning: Stochastic Optimizer: Maximum iterations (250) reached and the optimization hasn't converged yet.
  warnings.warn(
C:\Users\meloy\PycharmProjects\spectral-select\.venv\Lib\site-packages\sklearn\neural_network\_multilayer_perceptron.py:785: ConvergenceWarning: Stochastic Optimizer: Maximum iterations (250) reached and the optimization hasn't converged yet.
  warnings.warn(
C:\Users\meloy\PycharmProjects\spectral-select\.venv\Lib\site-packages\sklearn\neural_network\_multilayer_perceptron.py:785: ConvergenceWarning: Stochastic Optimizer: Maximum iterations (250) reached and the optimization hasn't converged yet.
  warnings.warn(
C:\Users\meloy\PycharmProjects\spectral-select\.venv\Lib\site-packages\sklearn\neural_network\_multilayer_perceptron.py:785: ConvergenceWarning: Stochastic Optimizer: Maximum iterations (250) reached and the optimization hasn't converged yet.
  warnings.warn(
C:\Users\meloy\PycharmProjects\spectral-select\.venv\Lib\site-packages\sklearn\neural_network\_multilayer_perceptron.py:785: ConvergenceWarning: Stochastic Optimizer: Maximum iterations (250) reached and the optimization hasn't converged yet.
  warnings.warn(
C:\Users\meloy\PycharmProjects\spectral-select\.venv\Lib\site-packages\sklearn\neural_network\_multilayer_perceptron.py:785: ConvergenceWarning: Stochastic Optimizer: Maximum iterations (250) reached and the optimization hasn't converged yet.
  warnings.warn(
C:\Users\meloy\PycharmProjects\spectral-select\.venv\Lib\site-packages\sklearn\neural_network\_multilayer_perceptron.py:785: ConvergenceWarning: Stochastic Optimizer: Maximum iterations (250) reached and the optimization hasn't converged yet.
  warnings.warn(
C:\Users\meloy\PycharmProjects\spectral-select\.venv\Lib\site-packages\sklearn\neural_network\_multilayer_perceptron.py:785: ConvergenceWarning: Stochastic Optimizer: Maximum iterations (250) reached and the optimization hasn't converged yet.
  warnings.warn(
C:\Users\meloy\PycharmProjects\spectral-select\.venv\Lib\site-packages\sklearn\neural_network\_multilayer_perceptron.py:785: ConvergenceWarning: Stochastic Optimizer: Maximum iterations (250) reached and the optimization hasn't converged yet.
  warnings.warn(
C:\Users\meloy\PycharmProjects\spectral-select\.venv\Lib\site-packages\sklearn\neural_network\_multilayer_perceptron.py:785: ConvergenceWarning: Stochastic Optimizer: Maximum iterations (250) reached and the optimization hasn't converged yet.
  warnings.warn(
C:\Users\meloy\PycharmProjects\spectral-select\.venv\Lib\site-packages\sklearn\neural_network\_multilayer_perceptron.py:785: ConvergenceWarning: Stochastic Optimizer: Maximum iterations (250) reached and the optimization hasn't converged yet.
  warnings.warn(
C:\Users\meloy\PycharmProjects\spectral-select\.venv\Lib\site-packages\sklearn\neural_network\_multilayer_perceptron.py:785: ConvergenceWarning: Stochastic Optimizer: Maximum iterations (250) reached and the optimization hasn't converged yet.
  warnings.warn(
C:\Users\meloy\PycharmProjects\spectral-select\.venv\Lib\site-packages\sklearn\neural_network\_multilayer_perceptron.py:785: ConvergenceWarning: Stochastic Optimizer: Maximum iterations (250) reached and the optimization hasn't converged yet.
  warnings.warn(
C:\Users\meloy\PycharmProjects\spectral-select\.venv\Lib\site-packages\sklearn\neural_network\_multilayer_perceptron.py:785: ConvergenceWarning: Stochastic Optimizer: Maximum iterations (250) reached and the optimization hasn't converged yet.
  warnings.warn(
C:\Users\meloy\PycharmProjects\spectral-select\.venv\Lib\site-packages\sklearn\neural_network\_multilayer_perceptron.py:785: ConvergenceWarning: Stochastic Optimizer: Maximum iterations (250) reached and the optimization hasn't converged yet.
  warnings.warn(
C:\Users\meloy\PycharmProjects\spectral-select\.venv\Lib\site-packages\sklearn\neural_network\_multilayer_perceptron.py:785: ConvergenceWarning: Stochastic Optimizer: Maximum iterations (250) reached and the optimization hasn't converged yet.
  warnings.warn(
C:\Users\meloy\PycharmProjects\spectral-select\.venv\Lib\site-packages\sklearn\neural_network\_multilayer_perceptron.py:785: ConvergenceWarning: Stochastic Optimizer: Maximum iterations (250) reached and the optimization hasn't converged yet.
  warnings.warn(
C:\Users\meloy\PycharmProjects\spectral-select\.venv\Lib\site-packages\sklearn\neural_network\_multilayer_perceptron.py:785: ConvergenceWarning: Stochastic Optimizer: Maximum iterations (250) reached and the optimization hasn't converged yet.
  warnings.warn(
C:\Users\meloy\PycharmProjects\spectral-select\.venv\Lib\site-packages\sklearn\neural_network\_multilayer_perceptron.py:785: ConvergenceWarning: Stochastic Optimizer: Maximum iterations (250) reached and the optimization hasn't converged yet.
  warnings.warn(
C:\Users\meloy\PycharmProjects\spectral-select\.venv\Lib\site-packages\sklearn\neural_network\_multilayer_perceptron.py:785: ConvergenceWarning: Stochastic Optimizer: Maximum iterations (250) reached and the optimization hasn't converged yet.
  warnings.warn(
C:\Users\meloy\PycharmProjects\spectral-select\.venv\Lib\site-packages\sklearn\neural_network\_multilayer_perceptron.py:785: ConvergenceWarning: Stochastic Optimizer: Maximum iterations (250) reached and the optimization hasn't converged yet.
  warnings.warn(
C:\Users\meloy\PycharmProjects\spectral-select\.venv\Lib\site-packages\sklearn\neural_network\_multilayer_perceptron.py:785: ConvergenceWarning: Stochastic Optimizer: Maximum iterations (250) reached and the optimization hasn't converged yet.
  warnings.warn(
C:\Users\meloy\PycharmProjects\spectral-select\.venv\Lib\site-packages\sklearn\neural_network\_multilayer_perceptron.py:785: ConvergenceWarning: Stochastic Optimizer: Maximum iterations (250) reached and the optimization hasn't converged yet.
  warnings.warn(
C:\Users\meloy\PycharmProjects\spectral-select\.venv\Lib\site-packages\sklearn\neural_network\_multilayer_perceptron.py:785: ConvergenceWarning: Stochastic Optimizer: Maximum iterations (250) reached and the optimization hasn't converged yet.
  warnings.warn(
C:\Users\meloy\PycharmProjects\spectral-select\.venv\Lib\site-packages\sklearn\neural_network\_multilayer_perceptron.py:785: ConvergenceWarning: Stochastic Optimizer: Maximum iterations (250) reached and the optimization hasn't converged yet.
  warnings.warn(
C:\Users\meloy\PycharmProjects\spectral-select\.venv\Lib\site-packages\sklearn\neural_network\_multilayer_perceptron.py:785: ConvergenceWarning: Stochastic Optimizer: Maximum iterations (250) reached and the optimization hasn't converged yet.
  warnings.warn(
C:\Users\meloy\PycharmProjects\spectral-select\.venv\Lib\site-packages\sklearn\neural_network\_multilayer_perceptron.py:785: ConvergenceWarning: Stochastic Optimizer: Maximum iterations (250) reached and the optimization hasn't converged yet.
  warnings.warn(
C:\Users\meloy\PycharmProjects\spectral-select\.venv\Lib\site-packages\sklearn\neural_network\_multilayer_perceptron.py:785: ConvergenceWarning: Stochastic Optimizer: Maximum iterations (250) reached and the optimization hasn't converged yet.
  warnings.warn(
C:\Users\meloy\PycharmProjects\spectral-select\.venv\Lib\site-packages\sklearn\neural_network\_multilayer_perceptron.py:785: ConvergenceWarning: Stochastic Optimizer: Maximum iterations (250) reached and the optimization hasn't converged yet.
  warnings.warn(
C:\Users\meloy\PycharmProjects\spectral-select\.venv\Lib\site-packages\sklearn\neural_network\_multilayer_perceptron.py:785: ConvergenceWarning: Stochastic Optimizer: Maximum iterations (250) reached and the optimization hasn't converged yet.
  warnings.warn(
C:\Users\meloy\PycharmProjects\spectral-select\.venv\Lib\site-packages\sklearn\neural_network\_multilayer_perceptron.py:785: ConvergenceWarning: Stochastic Optimizer: Maximum iterations (250) reached and the optimization hasn't converged yet.
  warnings.warn(
C:\Users\meloy\PycharmProjects\spectral-select\.venv\Lib\site-packages\sklearn\neural_network\_multilayer_perceptron.py:785: ConvergenceWarning: Stochastic Optimizer: Maximum iterations (250) reached and the optimization hasn't converged yet.
  warnings.warn(
C:\Users\meloy\PycharmProjects\spectral-select\.venv\Lib\site-packages\sklearn\neural_network\_multilayer_perceptron.py:785: ConvergenceWarning: Stochastic Optimizer: Maximum iterations (250) reached and the optimization hasn't converged yet.
  warnings.warn(
C:\Users\meloy\PycharmProjects\spectral-select\.venv\Lib\site-packages\sklearn\neural_network\_multilayer_perceptron.py:785: ConvergenceWarning: Stochastic Optimizer: Maximum iterations (250) reached and the optimization hasn't converged yet.
  warnings.warn(
C:\Users\meloy\PycharmProjects\spectral-select\.venv\Lib\site-packages\sklearn\neural_network\_multilayer_perceptron.py:785: ConvergenceWarning: Stochastic Optimizer: Maximum iterations (250) reached and the optimization hasn't converged yet.
  warnings.warn(
C:\Users\meloy\PycharmProjects\spectral-select\.venv\Lib\site-packages\sklearn\neural_network\_multilayer_perceptron.py:785: ConvergenceWarning: Stochastic Optimizer: Maximum iterations (250) reached and the optimization hasn't converged yet.
  warnings.warn(
C:\Users\meloy\PycharmProjects\spectral-select\.venv\Lib\site-packages\sklearn\neural_network\_multilayer_perceptron.py:785: ConvergenceWarning: Stochastic Optimizer: Maximum iterations (250) reached and the optimization hasn't converged yet.
  warnings.warn(
C:\Users\meloy\PycharmProjects\spectral-select\.venv\Lib\site-packages\sklearn\neural_network\_multilayer_perceptron.py:785: ConvergenceWarning: Stochastic Optimizer: Maximum iterations (250) reached and the optimization hasn't converged yet.
  warnings.warn(
C:\Users\meloy\PycharmProjects\spectral-select\.venv\Lib\site-packages\sklearn\neural_network\_multilayer_perceptron.py:785: ConvergenceWarning: Stochastic Optimizer: Maximum iterations (250) reached and the optimization hasn't converged yet.
  warnings.warn(
C:\Users\meloy\PycharmProjects\spectral-select\.venv\Lib\site-packages\sklearn\neural_network\_multilayer_perceptron.py:785: ConvergenceWarning: Stochastic Optimizer: Maximum iterations (250) reached and the optimization hasn't converged yet.
  warnings.warn(
C:\Users\meloy\PycharmProjects\spectral-select\.venv\Lib\site-packages\sklearn\neural_network\_multilayer_perceptron.py:785: ConvergenceWarning: Stochastic Optimizer: Maximum iterations (250) reached and the optimization hasn't converged yet.
  warnings.warn(
C:\Users\meloy\PycharmProjects\spectral-select\.venv\Lib\site-packages\sklearn\neural_network\_multilayer_perceptron.py:785: ConvergenceWarning: Stochastic Optimizer: Maximum iterations (250) reached and the optimization hasn't converged yet.
  warnings.warn(
C:\Users\meloy\PycharmProjects\spectral-select\.venv\Lib\site-packages\sklearn\neural_network\_multilayer_perceptron.py:785: ConvergenceWarning: Stochastic Optimizer: Maximum iterations (250) reached and the optimization hasn't converged yet.
  warnings.warn(
C:\Users\meloy\PycharmProjects\spectral-select\.venv\Lib\site-packages\sklearn\neural_network\_multilayer_perceptron.py:785: ConvergenceWarning: Stochastic Optimizer: Maximum iterations (250) reached and the optimization hasn't converged yet.
  warnings.warn(
C:\Users\meloy\PycharmProjects\spectral-select\.venv\Lib\site-packages\sklearn\neural_network\_multilayer_perceptron.py:785: ConvergenceWarning: Stochastic Optimizer: Maximum iterations (250) reached and the optimization hasn't converged yet.
  warnings.warn(
C:\Users\meloy\PycharmProjects\spectral-select\.venv\Lib\site-packages\sklearn\neural_network\_multilayer_perceptron.py:785: ConvergenceWarning: Stochastic Optimizer: Maximum iterations (250) reached and the optimization hasn't converged yet.
  warnings.warn(
C:\Users\meloy\PycharmProjects\spectral-select\.venv\Lib\site-packages\sklearn\neural_network\_multilayer_perceptron.py:785: ConvergenceWarning: Stochastic Optimizer: Maximum iterations (250) reached and the optimization hasn't converged yet.
  warnings.warn(
C:\Users\meloy\PycharmProjects\spectral-select\.venv\Lib\site-packages\sklearn\neural_network\_multilayer_perceptron.py:785: ConvergenceWarning: Stochastic Optimizer: Maximum iterations (250) reached and the optimization hasn't converged yet.
  warnings.warn(
C:\Users\meloy\PycharmProjects\spectral-select\.venv\Lib\site-packages\sklearn\neural_network\_multilayer_perceptron.py:785: ConvergenceWarning: Stochastic Optimizer: Maximum iterations (250) reached and the optimization hasn't converged yet.
  warnings.warn(
C:\Users\meloy\PycharmProjects\spectral-select\.venv\Lib\site-packages\sklearn\neural_network\_multilayer_perceptron.py:785: ConvergenceWarning: Stochastic Optimizer: Maximum iterations (250) reached and the optimization hasn't converged yet.
  warnings.warn(
C:\Users\meloy\PycharmProjects\spectral-select\.venv\Lib\site-packages\sklearn\neural_network\_multilayer_perceptron.py:785: ConvergenceWarning: Stochastic Optimizer: Maximum iterations (250) reached and the optimization hasn't converged yet.
  warnings.warn(
C:\Users\meloy\PycharmProjects\spectral-select\.venv\Lib\site-packages\sklearn\neural_network\_multilayer_perceptron.py:785: ConvergenceWarning: Stochastic Optimizer: Maximum iterations (250) reached and the optimization hasn't converged yet.
  warnings.warn(
C:\Users\meloy\PycharmProjects\spectral-select\.venv\Lib\site-packages\sklearn\neural_network\_multilayer_perceptron.py:785: ConvergenceWarning: Stochastic Optimizer: Maximum iterations (250) reached and the optimization hasn't converged yet.
  warnings.warn(
C:\Users\meloy\PycharmProjects\spectral-select\.venv\Lib\site-packages\sklearn\neural_network\_multilayer_perceptron.py:785: ConvergenceWarning: Stochastic Optimizer: Maximum iterations (250) reached and the optimization hasn't converged yet.
  warnings.warn(
C:\Users\meloy\PycharmProjects\spectral-select\.venv\Lib\site-packages\sklearn\neural_network\_multilayer_perceptron.py:785: ConvergenceWarning: Stochastic Optimizer: Maximum iterations (250) reached and the optimization hasn't converged yet.
  warnings.warn(
C:\Users\meloy\PycharmProjects\spectral-select\.venv\Lib\site-packages\sklearn\neural_network\_multilayer_perceptron.py:785: ConvergenceWarning: Stochastic Optimizer: Maximum iterations (250) reached and the optimization hasn't converged yet.
  warnings.warn(
C:\Users\meloy\PycharmProjects\spectral-select\.venv\Lib\site-packages\sklearn\neural_network\_multilayer_perceptron.py:785: ConvergenceWarning: Stochastic Optimizer: Maximum iterations (250) reached and the optimization hasn't converged yet.
  warnings.warn(
C:\Users\meloy\PycharmProjects\spectral-select\.venv\Lib\site-packages\sklearn\neural_network\_multilayer_perceptron.py:785: ConvergenceWarning: Stochastic Optimizer: Maximum iterations (250) reached and the optimization hasn't converged yet.
  warnings.warn(
C:\Users\meloy\PycharmProjects\spectral-select\.venv\Lib\site-packages\sklearn\neural_network\_multilayer_perceptron.py:785: ConvergenceWarning: Stochastic Optimizer: Maximum iterations (250) reached and the optimization hasn't converged yet.
  warnings.warn(
C:\Users\meloy\PycharmProjects\spectral-select\.venv\Lib\site-packages\sklearn\neural_network\_multilayer_perceptron.py:785: ConvergenceWarning: Stochastic Optimizer: Maximum iterations (250) reached and the optimization hasn't converged yet.
  warnings.warn(
C:\Users\meloy\PycharmProjects\spectral-select\.venv\Lib\site-packages\sklearn\neural_network\_multilayer_perceptron.py:785: ConvergenceWarning: Stochastic Optimizer: Maximum iterations (250) reached and the optimization hasn't converged yet.
  warnings.warn(
C:\Users\meloy\PycharmProjects\spectral-select\.venv\Lib\site-packages\sklearn\neural_network\_multilayer_perceptron.py:785: ConvergenceWarning: Stochastic Optimizer: Maximum iterations (250) reached and the optimization hasn't converged yet.
  warnings.warn(
C:\Users\meloy\PycharmProjects\spectral-select\.venv\Lib\site-packages\sklearn\neural_network\_multilayer_perceptron.py:785: ConvergenceWarning: Stochastic Optimizer: Maximum iterations (250) reached and the optimization hasn't converged yet.
  warnings.warn(
C:\Users\meloy\PycharmProjects\spectral-select\.venv\Lib\site-packages\sklearn\neural_network\_multilayer_perceptron.py:785: ConvergenceWarning: Stochastic Optimizer: Maximum iterations (250) reached and the optimization hasn't converged yet.
  warnings.warn(
C:\Users\meloy\PycharmProjects\spectral-select\.venv\Lib\site-packages\sklearn\neural_network\_multilayer_perceptron.py:785: ConvergenceWarning: Stochastic Optimizer: Maximum iterations (250) reached and the optimization hasn't converged yet.
  warnings.warn(
C:\Users\meloy\PycharmProjects\spectral-select\.venv\Lib\site-packages\sklearn\neural_network\_multilayer_perceptron.py:785: ConvergenceWarning: Stochastic Optimizer: Maximum iterations (250) reached and the optimization hasn't converged yet.
  warnings.warn(
C:\Users\meloy\PycharmProjects\spectral-select\.venv\Lib\site-packages\sklearn\neural_network\_multilayer_perceptron.py:785: ConvergenceWarning: Stochastic Optimizer: Maximum iterations (250) reached and the optimization hasn't converged yet.
  warnings.warn(
C:\Users\meloy\PycharmProjects\spectral-select\.venv\Lib\site-packages\sklearn\neural_network\_multilayer_perceptron.py:785: ConvergenceWarning: Stochastic Optimizer: Maximum iterations (250) reached and the optimization hasn't converged yet.
  warnings.warn(
C:\Users\meloy\PycharmProjects\spectral-select\.venv\Lib\site-packages\sklearn\neural_network\_multilayer_perceptron.py:785: ConvergenceWarning: Stochastic Optimizer: Maximum iterations (250) reached and the optimization hasn't converged yet.
  warnings.warn(
C:\Users\meloy\PycharmProjects\spectral-select\.venv\Lib\site-packages\sklearn\neural_network\_multilayer_perceptron.py:785: ConvergenceWarning: Stochastic Optimizer: Maximum iterations (250) reached and the optimization hasn't converged yet.
  warnings.warn(
C:\Users\meloy\PycharmProjects\spectral-select\.venv\Lib\site-packages\sklearn\neural_network\_multilayer_perceptron.py:785: ConvergenceWarning: Stochastic Optimizer: Maximum iterations (250) reached and the optimization hasn't converged yet.
  warnings.warn(
C:\Users\meloy\PycharmProjects\spectral-select\.venv\Lib\site-packages\sklearn\neural_network\_multilayer_perceptron.py:785: ConvergenceWarning: Stochastic Optimizer: Maximum iterations (250) reached and the optimization hasn't converged yet.
  warnings.warn(
C:\Users\meloy\PycharmProjects\spectral-select\.venv\Lib\site-packages\sklearn\neural_network\_multilayer_perceptron.py:785: ConvergenceWarning: Stochastic Optimizer: Maximum iterations (250) reached and the optimization hasn't converged yet.
  warnings.warn(
C:\Users\meloy\PycharmProjects\spectral-select\.venv\Lib\site-packages\sklearn\neural_network\_multilayer_perceptron.py:785: ConvergenceWarning: Stochastic Optimizer: Maximum iterations (250) reached and the optimization hasn't converged yet.
  warnings.warn(
C:\Users\meloy\PycharmProjects\spectral-select\.venv\Lib\site-packages\sklearn\neural_network\_multilayer_perceptron.py:785: ConvergenceWarning: Stochastic Optimizer: Maximum iterations (250) reached and the optimization hasn't converged yet.
  warnings.warn(
C:\Users\meloy\PycharmProjects\spectral-select\.venv\Lib\site-packages\sklearn\neural_network\_multilayer_perceptron.py:785: ConvergenceWarning: Stochastic Optimizer: Maximum iterations (250) reached and the optimization hasn't converged yet.
  warnings.warn(
C:\Users\meloy\PycharmProjects\spectral-select\.venv\Lib\site-packages\sklearn\neural_network\_multilayer_perceptron.py:785: ConvergenceWarning: Stochastic Optimizer: Maximum iterations (250) reached and the optimization hasn't converged yet.
  warnings.warn(
C:\Users\meloy\PycharmProjects\spectral-select\.venv\Lib\site-packages\sklearn\neural_network\_multilayer_perceptron.py:785: ConvergenceWarning: Stochastic Optimizer: Maximum iterations (250) reached and the optimization hasn't converged yet.
  warnings.warn(
C:\Users\meloy\PycharmProjects\spectral-select\.venv\Lib\site-packages\sklearn\neural_network\_multilayer_perceptron.py:785: ConvergenceWarning: Stochastic Optimizer: Maximum iterations (250) reached and the optimization hasn't converged yet.
  warnings.warn(
C:\Users\meloy\PycharmProjects\spectral-select\.venv\Lib\site-packages\sklearn\neural_network\_multilayer_perceptron.py:785: ConvergenceWarning: Stochastic Optimizer: Maximum iterations (250) reached and the optimization hasn't converged yet.
  warnings.warn(
C:\Users\meloy\PycharmProjects\spectral-select\.venv\Lib\site-packages\sklearn\neural_network\_multilayer_perceptron.py:785: ConvergenceWarning: Stochastic Optimizer: Maximum iterations (250) reached and the optimization hasn't converged yet.
  warnings.warn(
C:\Users\meloy\PycharmProjects\spectral-select\.venv\Lib\site-packages\sklearn\neural_network\_multilayer_perceptron.py:785: ConvergenceWarning: Stochastic Optimizer: Maximum iterations (250) reached and the optimization hasn't converged yet.
  warnings.warn(
C:\Users\meloy\PycharmProjects\spectral-select\.venv\Lib\site-packages\sklearn\neural_network\_multilayer_perceptron.py:785: ConvergenceWarning: Stochastic Optimizer: Maximum iterations (250) reached and the optimization hasn't converged yet.
  warnings.warn(
C:\Users\meloy\PycharmProjects\spectral-select\.venv\Lib\site-packages\sklearn\neural_network\_multilayer_perceptron.py:785: ConvergenceWarning: Stochastic Optimizer: Maximum iterations (250) reached and the optimization hasn't converged yet.
  warnings.warn(
C:\Users\meloy\PycharmProjects\spectral-select\.venv\Lib\site-packages\sklearn\neural_network\_multilayer_perceptron.py:785: ConvergenceWarning: Stochastic Optimizer: Maximum iterations (250) reached and the optimization hasn't converged yet.
  warnings.warn(
C:\Users\meloy\PycharmProjects\spectral-select\.venv\Lib\site-packages\sklearn\neural_network\_multilayer_perceptron.py:785: ConvergenceWarning: Stochastic Optimizer: Maximum iterations (250) reached and the optimization hasn't converged yet.
  warnings.warn(
C:\Users\meloy\PycharmProjects\spectral-select\.venv\Lib\site-packages\sklearn\neural_network\_multilayer_perceptron.py:785: ConvergenceWarning: Stochastic Optimizer: Maximum iterations (250) reached and the optimization hasn't converged yet.
  warnings.warn(
C:\Users\meloy\PycharmProjects\spectral-select\.venv\Lib\site-packages\sklearn\neural_network\_multilayer_perceptron.py:785: ConvergenceWarning: Stochastic Optimizer: Maximum iterations (250) reached and the optimization hasn't converged yet.
  warnings.warn(
C:\Users\meloy\PycharmProjects\spectral-select\.venv\Lib\site-packages\sklearn\neural_network\_multilayer_perceptron.py:785: ConvergenceWarning: Stochastic Optimizer: Maximum iterations (250) reached and the optimization hasn't converged yet.
  warnings.warn(
C:\Users\meloy\PycharmProjects\spectral-select\.venv\Lib\site-packages\sklearn\neural_network\_multilayer_perceptron.py:785: ConvergenceWarning: Stochastic Optimizer: Maximum iterations (250) reached and the optimization hasn't converged yet.
  warnings.warn(
C:\Users\meloy\PycharmProjects\spectral-select\.venv\Lib\site-packages\sklearn\neural_network\_multilayer_perceptron.py:785: ConvergenceWarning: Stochastic Optimizer: Maximum iterations (250) reached and the optimization hasn't converged yet.
  warnings.warn(
C:\Users\meloy\PycharmProjects\spectral-select\.venv\Lib\site-packages\sklearn\neural_network\_multilayer_perceptron.py:785: ConvergenceWarning: Stochastic Optimizer: Maximum iterations (250) reached and the optimization hasn't converged yet.
  warnings.warn(
C:\Users\meloy\PycharmProjects\spectral-select\.venv\Lib\site-packages\sklearn\neural_network\_multilayer_perceptron.py:785: ConvergenceWarning: Stochastic Optimizer: Maximum iterations (250) reached and the optimization hasn't converged yet.
  warnings.warn(
C:\Users\meloy\PycharmProjects\spectral-select\.venv\Lib\site-packages\sklearn\neural_network\_multilayer_perceptron.py:785: ConvergenceWarning: Stochastic Optimizer: Maximum iterations (250) reached and the optimization hasn't converged yet.
  warnings.warn(
C:\Users\meloy\PycharmProjects\spectral-select\.venv\Lib\site-packages\sklearn\neural_network\_multilayer_perceptron.py:785: ConvergenceWarning: Stochastic Optimizer: Maximum iterations (250) reached and the optimization hasn't converged yet.
  warnings.warn(
C:\Users\meloy\PycharmProjects\spectral-select\.venv\Lib\site-packages\sklearn\neural_network\_multilayer_perceptron.py:785: ConvergenceWarning: Stochastic Optimizer: Maximum iterations (250) reached and the optimization hasn't converged yet.
  warnings.warn(
C:\Users\meloy\PycharmProjects\spectral-select\.venv\Lib\site-packages\sklearn\neural_network\_multilayer_perceptron.py:785: ConvergenceWarning: Stochastic Optimizer: Maximum iterations (250) reached and the optimization hasn't converged yet.
  warnings.warn(
C:\Users\meloy\PycharmProjects\spectral-select\.venv\Lib\site-packages\sklearn\neural_network\_multilayer_perceptron.py:785: ConvergenceWarning: Stochastic Optimizer: Maximum iterations (250) reached and the optimization hasn't converged yet.
  warnings.warn(
C:\Users\meloy\PycharmProjects\spectral-select\.venv\Lib\site-packages\sklearn\neural_network\_multilayer_perceptron.py:785: ConvergenceWarning: Stochastic Optimizer: Maximum iterations (250) reached and the optimization hasn't converged yet.
  warnings.warn(
C:\Users\meloy\PycharmProjects\spectral-select\.venv\Lib\site-packages\sklearn\neural_network\_multilayer_perceptron.py:785: ConvergenceWarning: Stochastic Optimizer: Maximum iterations (250) reached and the optimization hasn't converged yet.
  warnings.warn(
C:\Users\meloy\PycharmProjects\spectral-select\.venv\Lib\site-packages\sklearn\neural_network\_multilayer_perceptron.py:785: ConvergenceWarning: Stochastic Optimizer: Maximum iterations (250) reached and the optimization hasn't converged yet.
  warnings.warn(
C:\Users\meloy\PycharmProjects\spectral-select\.venv\Lib\site-packages\sklearn\neural_network\_multilayer_perceptron.py:785: ConvergenceWarning: Stochastic Optimizer: Maximum iterations (250) reached and the optimization hasn't converged yet.
  warnings.warn(
C:\Users\meloy\PycharmProjects\spectral-select\.venv\Lib\site-packages\sklearn\neural_network\_multilayer_perceptron.py:785: ConvergenceWarning: Stochastic Optimizer: Maximum iterations (250) reached and the optimization hasn't converged yet.
  warnings.warn(
C:\Users\meloy\PycharmProjects\spectral-select\.venv\Lib\site-packages\sklearn\neural_network\_multilayer_perceptron.py:785: ConvergenceWarning: Stochastic Optimizer: Maximum iterations (250) reached and the optimization hasn't converged yet.
  warnings.warn(
C:\Users\meloy\PycharmProjects\spectral-select\.venv\Lib\site-packages\sklearn\neural_network\_multilayer_perceptron.py:785: ConvergenceWarning: Stochastic Optimizer: Maximum iterations (250) reached and the optimization hasn't converged yet.
  warnings.warn(
C:\Users\meloy\PycharmProjects\spectral-select\.venv\Lib\site-packages\sklearn\neural_network\_multilayer_perceptron.py:785: ConvergenceWarning: Stochastic Optimizer: Maximum iterations (250) reached and the optimization hasn't converged yet.
  warnings.warn(
C:\Users\meloy\PycharmProjects\spectral-select\.venv\Lib\site-packages\sklearn\neural_network\_multilayer_perceptron.py:785: ConvergenceWarning: Stochastic Optimizer: Maximum iterations (250) reached and the optimization hasn't converged yet.
  warnings.warn(
C:\Users\meloy\PycharmProjects\spectral-select\.venv\Lib\site-packages\sklearn\neural_network\_multilayer_perceptron.py:785: ConvergenceWarning: Stochastic Optimizer: Maximum iterations (250) reached and the optimization hasn't converged yet.
  warnings.warn(
C:\Users\meloy\PycharmProjects\spectral-select\.venv\Lib\site-packages\sklearn\neural_network\_multilayer_perceptron.py:785: ConvergenceWarning: Stochastic Optimizer: Maximum iterations (250) reached and the optimization hasn't converged yet.
  warnings.warn(
C:\Users\meloy\PycharmProjects\spectral-select\.venv\Lib\site-packages\sklearn\neural_network\_multilayer_perceptron.py:785: ConvergenceWarning: Stochastic Optimizer: Maximum iterations (250) reached and the optimization hasn't converged yet.
  warnings.warn(
============================================================================================
H12 PHASE MAP — rows=clutter, cols=labels/class.  Cell A: supervised mutInfo − full-data
(positive => supervised selection beats full).   Cell B: blind PCA − random.
============================================================================================

A) mutInfo − full
  clutter\labels        25      100
           0.0    -0.029   -0.117
           4.5    -0.001   -0.073

B) PCA − random
  clutter\labels        25      100
           0.0    +0.065   +0.086
           4.5    -0.016   -0.011

Read: supervised selection wins (A>0) at high clutter + low labels; blind ~ random (B~0)
whenever clutter>0. The decision map for real use.
