==========================================================================================
CAE RECONSTRUCTION AUDIT — is R~0 a real mean-predictor failure or an artifact?
==========================================================================================

[realistic_default] cfg_over={}
  normalization round-trip max|orig-denorm| = 1.72e-08  (≈0 => pipeline preserves pixels)
      ex    meanR   meanR2  model/meanMSE  fracR2>0.1
     405    0.006  -37.719          3.560        0.00
     470    0.033  -21.645          2.148        0.00
     488    0.032  -23.509          2.082        0.00
     506    0.029  -28.260          2.240        0.00
  OVERALL meanR=+0.025  meanR2=-27.783  (R2<=0 => CAE is a per-band-mean predictor; R2->1 => faithful)
  -> saved C:\Users\meloy\PycharmProjects\spectral-select\reports\exp_records\recon_audit\recon_realistic_default.png
Model architecture mismatch: Error(s) in loading state_dict for HyperspectralCAEWithMasking:
	Missing key(s) in state_dict: "enc_... Training new model.
Training new autoencoder model. This may take several minutes...

[clean_default] cfg_over={}
  normalization round-trip max|orig-denorm| = 6.64e-09  (≈0 => pipeline preserves pixels)
      ex    meanR   meanR2  model/meanMSE  fracR2>0.1
     385   -0.001   -0.188          1.166        0.00
     489   -0.006   -0.175          1.148        0.00
     587   -0.002   -0.164          1.157        0.00
  OVERALL meanR=-0.003  meanR2=-0.176  (R2<=0 => CAE is a per-band-mean predictor; R2->1 => faithful)
  -> saved C:\Users\meloy\PycharmProjects\spectral-select\reports\exp_records\recon_audit\recon_clean_default.png
