[round2] 35 configs | oracle mean F1 = 0.494
  pca_load[k=5,prep=none]      mean=0.474 vsOracle=0.96  (0.50/0.46/0.47/0.47)
  pca_load[k=6,prep=none]      mean=0.477 vsOracle=0.97  (0.47/0.48/0.49/0.47)
  pca_load[k=7,prep=none]      mean=0.474 vsOracle=0.96  (0.45/0.48/0.49/0.47)
  pca_load[k=8,prep=none]      mean=0.461 vsOracle=0.93  (0.43/0.47/0.48/0.46)
  pca_load[k=9,prep=none]      mean=0.449 vsOracle=0.91  (0.41/0.46/0.46/0.46)
  pca_load[k=10,prep=none]     mean=0.420 vsOracle=0.85  (0.36/0.45/0.45/0.42)
  pca_load[k=12,prep=none]     mean=0.385 vsOracle=0.78  (0.35/0.42/0.39/0.37)
  pca_load[k=5,prep=l2]        mean=0.474 vsOracle=0.96  (0.49/0.47/0.47/0.46)
  pca_load[k=6,prep=l2]        mean=0.467 vsOracle=0.95  (0.49/0.45/0.47/0.46)
  pca_load[k=7,prep=l2]        mean=0.458 vsOracle=0.93  (0.46/0.45/0.46/0.46)
  pca_load[k=8,prep=l2]        mean=0.435 vsOracle=0.88  (0.45/0.42/0.44/0.43)
  pca_load[k=9,prep=l2]        mean=0.405 vsOracle=0.82  (0.41/0.40/0.41/0.40)
  pca_load[k=10,prep=l2]       mean=0.380 vsOracle=0.77  (0.40/0.37/0.38/0.37)
  pca_load[k=12,prep=l2]       mean=0.344 vsOracle=0.70  (0.36/0.34/0.34/0.33)
  pca_load[k=5,prep=snv]       mean=0.470 vsOracle=0.95  (0.48/0.46/0.47/0.47)
  pca_load[k=6,prep=snv]       mean=0.467 vsOracle=0.95  (0.47/0.45/0.48/0.47)
  pca_load[k=7,prep=snv]       mean=0.455 vsOracle=0.92  (0.43/0.46/0.47/0.47)
  pca_load[k=8,prep=snv]       mean=0.448 vsOracle=0.91  (0.42/0.45/0.46/0.45)
  pca_load[k=9,prep=snv]       mean=0.438 vsOracle=0.89  (0.40/0.45/0.44/0.46)
  pca_load[k=10,prep=snv]      mean=0.427 vsOracle=0.86  (0.38/0.44/0.44/0.45)
  pca_load[k=12,prep=snv]      mean=0.416 vsOracle=0.84  (0.36/0.42/0.44/0.45)
  pca_load[k=5,prep=deriv]     mean=0.343 vsOracle=0.69  (0.34/0.34/0.34/0.35)
  pca_load[k=6,prep=deriv]     mean=0.344 vsOracle=0.70  (0.34/0.34/0.35/0.34)
  pca_load[k=7,prep=deriv]     mean=0.349 vsOracle=0.71  (0.34/0.35/0.35/0.36)
  pca_load[k=8,prep=deriv]     mean=0.347 vsOracle=0.70  (0.35/0.34/0.34/0.36)
  pca_load[k=9,prep=deriv]     mean=0.343 vsOracle=0.69  (0.35/0.33/0.33/0.36)
  pca_load[k=10,prep=deriv]    mean=0.349 vsOracle=0.71  (0.33/0.34/0.35/0.37)
  pca_load[k=12,prep=deriv]    mean=0.357 vsOracle=0.72  (0.34/0.36/0.35/0.39)
  variance[prep=none]          mean=0.385 vsOracle=0.78  (0.49/0.34/0.35/0.35)
  variance[prep=l2]            mean=0.421 vsOracle=0.85  (0.50/0.39/0.39/0.41)
  variance[prep=snv]           mean=0.414 vsOracle=0.84  (0.50/0.37/0.38/0.41)
  variance[prep=deriv]         mean=0.366 vsOracle=0.74  (0.43/0.34/0.34/0.35)
  consensus[k=6]               mean=0.402 vsOracle=0.81  (0.49/0.38/0.36/0.38)
  consensus[k=8]               mean=0.428 vsOracle=0.87  (0.49/0.40/0.41/0.41)
  consensus[k=10]              mean=0.398 vsOracle=0.81  (0.45/0.37/0.39/0.38)

==== ROUND-2 LEADERBOARD (oracle 0.494) ====
  1  pca_load[k=6,prep=none]        0.477    0.97
  2  pca_load[k=5,prep=l2]          0.474    0.96
  3  pca_load[k=5,prep=none]        0.474    0.96
  4  pca_load[k=7,prep=none]        0.474    0.96
  5  pca_load[k=5,prep=snv]         0.470    0.95
  6  pca_load[k=6,prep=snv]         0.467    0.95
  7  pca_load[k=6,prep=l2]          0.467    0.95
  8  pca_load[k=8,prep=none]        0.461    0.93
  9  pca_load[k=7,prep=l2]          0.458    0.93
 10  pca_load[k=7,prep=snv]         0.455    0.92
 11  pca_load[k=9,prep=none]        0.449    0.91
 12  pca_load[k=8,prep=snv]         0.448    0.91
 13  pca_load[k=9,prep=snv]         0.438    0.89
 14  pca_load[k=8,prep=l2]          0.435    0.88
 15  consensus[k=8]                 0.428    0.87
