================================================================================================
H10 SUPERVISED/NONLINEAR SELECTORS ON NONLINEAR DATA — fair CV-panel best-NL F1, k=24
================================================================================================
C:\Users\meloy\PycharmProjects\spectral-select\.venv\Lib\site-packages\sklearn\neural_network\_multilayer_perceptron.py:785: ConvergenceWarning: Stochastic Optimizer: Maximum iterations (300) reached and the optimization hasn't converged yet.
  warnings.warn(
C:\Users\meloy\PycharmProjects\spectral-select\.venv\Lib\site-packages\sklearn\neural_network\_multilayer_perceptron.py:785: ConvergenceWarning: Stochastic Optimizer: Maximum iterations (300) reached and the optimization hasn't converged yet.
  warnings.warn(
C:\Users\meloy\PycharmProjects\spectral-select\.venv\Lib\site-packages\sklearn\neural_network\_multilayer_perceptron.py:785: ConvergenceWarning: Stochastic Optimizer: Maximum iterations (300) reached and the optimization hasn't converged yet.
  warnings.warn(
C:\Users\meloy\PycharmProjects\spectral-select\.venv\Lib\site-packages\sklearn\neural_network\_multilayer_perceptron.py:785: ConvergenceWarning: Stochastic Optimizer: Maximum iterations (300) reached and the optimization hasn't converged yet.
  warnings.warn(
C:\Users\meloy\PycharmProjects\spectral-select\.venv\Lib\site-packages\sklearn\neural_network\_multilayer_perceptron.py:785: ConvergenceWarning: Stochastic Optimizer: Maximum iterations (300) reached and the optimization hasn't converged yet.
  warnings.warn(
C:\Users\meloy\PycharmProjects\spectral-select\.venv\Lib\site-packages\sklearn\neural_network\_multilayer_perceptron.py:785: ConvergenceWarning: Stochastic Optimizer: Maximum iterations (300) reached and the optimization hasn't converged yet.
  warnings.warn(
C:\Users\meloy\PycharmProjects\spectral-select\.venv\Lib\site-packages\sklearn\neural_network\_multilayer_perceptron.py:785: ConvergenceWarning: Stochastic Optimizer: Maximum iterations (300) reached and the optimization hasn't converged yet.
  warnings.warn(
C:\Users\meloy\PycharmProjects\spectral-select\.venv\Lib\site-packages\sklearn\neural_network\_multilayer_perceptron.py:785: ConvergenceWarning: Stochastic Optimizer: Maximum iterations (300) reached and the optimization hasn't converged yet.
  warnings.warn(
C:\Users\meloy\PycharmProjects\spectral-select\.venv\Lib\site-packages\sklearn\neural_network\_multilayer_perceptron.py:785: ConvergenceWarning: Stochastic Optimizer: Maximum iterations (300) reached and the optimization hasn't converged yet.
  warnings.warn(
C:\Users\meloy\PycharmProjects\spectral-select\.venv\Lib\site-packages\sklearn\neural_network\_multilayer_perceptron.py:785: ConvergenceWarning: Stochastic Optimizer: Maximum iterations (300) reached and the optimization hasn't converged yet.
  warnings.warn(
C:\Users\meloy\PycharmProjects\spectral-select\.venv\Lib\site-packages\sklearn\neural_network\_multilayer_perceptron.py:785: ConvergenceWarning: Stochastic Optimizer: Maximum iterations (300) reached and the optimization hasn't converged yet.
  warnings.warn(
C:\Users\meloy\PycharmProjects\spectral-select\.venv\Lib\site-packages\sklearn\neural_network\_multilayer_perceptron.py:785: ConvergenceWarning: Stochastic Optimizer: Maximum iterations (300) reached and the optimization hasn't converged yet.
  warnings.warn(
C:\Users\meloy\PycharmProjects\spectral-select\.venv\Lib\site-packages\sklearn\neural_network\_multilayer_perceptron.py:785: ConvergenceWarning: Stochastic Optimizer: Maximum iterations (300) reached and the optimization hasn't converged yet.
  warnings.warn(
C:\Users\meloy\PycharmProjects\spectral-select\.venv\Lib\site-packages\sklearn\neural_network\_multilayer_perceptron.py:785: ConvergenceWarning: Stochastic Optimizer: Maximum iterations (300) reached and the optimization hasn't converged yet.
  warnings.warn(
C:\Users\meloy\PycharmProjects\spectral-select\.venv\Lib\site-packages\sklearn\neural_network\_multilayer_perceptron.py:785: ConvergenceWarning: Stochastic Optimizer: Maximum iterations (300) reached and the optimization hasn't converged yet.
  warnings.warn(
C:\Users\meloy\PycharmProjects\spectral-select\.venv\Lib\site-packages\sklearn\neural_network\_multilayer_perceptron.py:785: ConvergenceWarning: Stochastic Optimizer: Maximum iterations (300) reached and the optimization hasn't converged yet.
  warnings.warn(
C:\Users\meloy\PycharmProjects\spectral-select\.venv\Lib\site-packages\sklearn\neural_network\_multilayer_perceptron.py:785: ConvergenceWarning: Stochastic Optimizer: Maximum iterations (300) reached and the optimization hasn't converged yet.
  warnings.warn(
C:\Users\meloy\PycharmProjects\spectral-select\.venv\Lib\site-packages\sklearn\neural_network\_multilayer_perceptron.py:785: ConvergenceWarning: Stochastic Optimizer: Maximum iterations (300) reached and the optimization hasn't converged yet.
  warnings.warn(
C:\Users\meloy\PycharmProjects\spectral-select\.venv\Lib\site-packages\sklearn\neural_network\_multilayer_perceptron.py:785: ConvergenceWarning: Stochastic Optimizer: Maximum iterations (300) reached and the optimization hasn't converged yet.
  warnings.warn(
C:\Users\meloy\PycharmProjects\spectral-select\.venv\Lib\site-packages\sklearn\neural_network\_multilayer_perceptron.py:785: ConvergenceWarning: Stochastic Optimizer: Maximum iterations (300) reached and the optimization hasn't converged yet.
  warnings.warn(
C:\Users\meloy\PycharmProjects\spectral-select\.venv\Lib\site-packages\sklearn\neural_network\_multilayer_perceptron.py:785: ConvergenceWarning: Stochastic Optimizer: Maximum iterations (300) reached and the optimization hasn't converged yet.
  warnings.warn(
C:\Users\meloy\PycharmProjects\spectral-select\.venv\Lib\site-packages\sklearn\neural_network\_multilayer_perceptron.py:785: ConvergenceWarning: Stochastic Optimizer: Maximum iterations (300) reached and the optimization hasn't converged yet.
  warnings.warn(
C:\Users\meloy\PycharmProjects\spectral-select\.venv\Lib\site-packages\sklearn\neural_network\_multilayer_perceptron.py:785: ConvergenceWarning: Stochastic Optimizer: Maximum iterations (300) reached and the optimization hasn't converged yet.
  warnings.warn(
C:\Users\meloy\PycharmProjects\spectral-select\.venv\Lib\site-packages\sklearn\neural_network\_multilayer_perceptron.py:785: ConvergenceWarning: Stochastic Optimizer: Maximum iterations (300) reached and the optimization hasn't converged yet.
  warnings.warn(
C:\Users\meloy\PycharmProjects\spectral-select\.venv\Lib\site-packages\sklearn\neural_network\_multilayer_perceptron.py:785: ConvergenceWarning: Stochastic Optimizer: Maximum iterations (300) reached and the optimization hasn't converged yet.
  warnings.warn(
C:\Users\meloy\PycharmProjects\spectral-select\.venv\Lib\site-packages\sklearn\neural_network\_multilayer_perceptron.py:785: ConvergenceWarning: Stochastic Optimizer: Maximum iterations (300) reached and the optimization hasn't converged yet.
  warnings.warn(
C:\Users\meloy\PycharmProjects\spectral-select\.venv\Lib\site-packages\sklearn\neural_network\_multilayer_perceptron.py:785: ConvergenceWarning: Stochastic Optimizer: Maximum iterations (300) reached and the optimization hasn't converged yet.
  warnings.warn(
C:\Users\meloy\PycharmProjects\spectral-select\.venv\Lib\site-packages\sklearn\neural_network\_multilayer_perceptron.py:785: ConvergenceWarning: Stochastic Optimizer: Maximum iterations (300) reached and the optimization hasn't converged yet.
  warnings.warn(

### reabsorb
  method       best-NL     gap
  random         0.485  -0.016
  variance       0.457  +0.021
  pca_load       0.560  -0.041
  AE             0.566  -0.014 (+0.006 vs pca)
  mutInfo*       0.595  -0.008  <-- best
  mRMR*          0.529  -0.023
  RFimp*         0.586  -0.045

Question: does AE or a supervised-nonlinear selector clearly top mutInfo/pca on nonlinear data?
